---
source: sk-cli/src/xray/view/tests/view_test.rs
expression: cf
---
CompletedFrame {
    buffer: Buffer {
        area: Rect { x: 0, y: 0, width: 80, height: 20 },
        content: [
            "┌──────────────────────────────────────────────────────────────────────────────┐",
            "│>> 00:21:05 (27 applied/0 deleted)                      1 error/0 warnings    │",
            "│                                                                              │",
            "│                                                                              │",
            "│                                                                              │",
            "│                                                                              │",
            "│                                                                              │",
            "│                                                                              │",
            "│                                                                              │",
            "│                                                                              │",
            "│                                                                              │",
            "│                                                                              │",
            "│                                                                              │",
            "│                                                                              │",
            "└──────────────────────────────────────────────────────────────────────────────┘",
            "┌──────────────────────────────────────────────────────────────────────────────┐",
            "│Hello SimKube!                                                                │",
            "│Use arrows to navigate, space to select, 'q' to quit.                         │",
            "│                                                                              │",
            "└──────────────────────────────────────────────────────────────────────────────┘",
        ],
        styles: [
            x: 0, y: 0, fg: Reset, bg: Reset, underline: Reset, modifier: NONE,
            x: 1, y: 1, fg: Reset, bg: Reset, underline: Reset, modifier: REVERSED,
            x: 56, y: 1, fg: White, bg: Red, underline: Reset, modifier: REVERSED,
            x: 79, y: 1, fg: Reset, bg: Reset, underline: Reset, modifier: NONE,
            x: 0, y: 15, fg: White, bg: Reset, underline: Reset, modifier: NONE,
        ]
    },
    area: Rect {
        x: 0,
        y: 0,
        width: 80,
        height: 20,
    },
    count: 0,
}
